 -rw-r--r-- 1000/1000      43 2000-01-01T01:00:00+01:00 baz
 -rwxr-xr-x 1000/1000      41 2000-01-01T01:00:00+01:00 bin
 dr-xr-xr-x 1000/1000      60 2000-01-01T01:00:00+01:00 foo
 -rwxrwxrwx 1000/1000      27 2000-01-01T01:00:00+01:00 foo/baa
 Lrwxrwxrwx 1000/1000       7 2000-01-01T01:00:00+01:00 ham -> foo/baa
